07-08 03:01:12.165 I/SdkSandboxManager(  564): No SDKs used. Skipping SDK data reconcilation for CallingInfo{mUid=10207, mPackageName='com.flint.peakfocus, mAppProcessToken='null'}
07-08 03:01:12.172 D/ShortcutService(  564): replacing package: com.flint.peakfocus userId0
07-08 03:01:12.172 D/ShortcutService(  564): handlePackageUpdateFinished: com.flint.peakfocus user=0
07-08 03:01:12.173 D/ShortcutService(  564): rescanPackageIfNeeded 0@com.flint.peakfocus, forceRescan=true , isNewApp=true
07-08 03:01:12.173 D/ShortcutService(  564): Package com.flint.peakfocus has 0 manifest shortcut(s), and 0 share target(s)
07-08 03:01:12.181 D/ActivityThread(  946): Package [com.flint.peakfocus] reported as REPLACED, but missing application info. Assuming REMOVED.
07-08 03:01:12.188 I/Telecom (  564): CarModeTracker: Package com.flint.peakfocus is not tracked.: SSH.oR@AZM🔒
07-08 03:01:12.191 D/ActivityThread( 4955): Package [com.flint.peakfocus] reported as REPLACED, but missing application info. Assuming REMOVED.
07-08 03:01:12.192 D/ActivityThread( 7979): Package [com.flint.peakfocus] reported as REPLACED, but missing application info. Assuming REMOVED.
07-08 03:01:12.193 W/AlarmManager(  564): Package com.flint.peakfocus, uid 10207 lost permission to set exact alarms!
07-08 03:01:12.205 W/ActivityTaskManager(  564): Unable to send transaction to client proc com.flint.peakfocus: no app thread
07-08 03:01:12.218 I/SafetyLabelChangedBroadcastReceiver(  946): received broadcast packageName: com.flint.peakfocus, current user: UserHandle{0}, packageChangeEvent: UPDATE, intent user: UserHandle{0}
07-08 03:01:12.221 D/CarrierSvcBindHelper( 1129): onPackageUpdateFinished: com.flint.peakfocus
07-08 03:01:12.228 D/CarrierSvcBindHelper( 1129): onPackageModified: com.flint.peakfocus
07-08 03:01:12.250 D/ImsResolver( 1129): maybeAddedImsService, packageName: com.flint.peakfocus
07-08 03:01:12.253 D/CarrierSvcBindHelper( 1129): onHandleForceStop: [com.flint.peakfocus]
07-08 03:01:12.254 I/AppWidgetServiceImpl(  564): Updating package stopped masked state for uid 10207 package com.flint.peakfocus isStopped false
07-08 03:01:12.284 D/ActivityThread( 6467): Package [com.flint.peakfocus] reported as REPLACED, but missing application info. Assuming REMOVED.
07-08 03:01:12.295 D/ActivityThread( 1499): Package [com.flint.peakfocus] reported as REPLACED, but missing application info. Assuming REMOVED.
07-08 03:01:12.312 D/ActivityThread( 4406): Package [com.flint.peakfocus] reported as REPLACED, but missing application info. Assuming REMOVED.
07-08 03:01:12.377 W/hbox:interactor( 1494): ApkAssets: Deleting an ApkAssets object '<empty> and /data/app/~~wxtDEiXtEyH-DUG9gmiNyw==/com.flint.peakfocus-BvWRlyghvzlFNkEZ6r426Q==/base.apk' with 1 weak references
07-08 03:01:12.424 W/s.nexuslauncher( 1189): ApkAssets: Deleting an ApkAssets object '<empty> and /data/app/~~wxtDEiXtEyH-DUG9gmiNyw==/com.flint.peakfocus-BvWRlyghvzlFNkEZ6r426Q==/base.apk' with 1 weak references
07-08 03:01:12.424 W/s.nexuslauncher( 1189): ApkAssets: Deleting an ApkAssets object '<empty> and /data/app/~~6WH3VoD-U3LMkDW6uoz1tA==/com.flint.peakfocus-89mBW37JtQDHecdxtgD_Cg==/base.apk' with 1 weak references
07-08 03:01:12.461 D/ShortcutService(  564): clearing data for package: com.flint.peakfocus userId0
07-08 03:01:12.461 D/ShortcutService(  564): handlePackageDataCleared: com.flint.peakfocus user=0
07-08 03:01:12.467 D/ShortcutService(  564): rescanPackageIfNeeded 0@com.flint.peakfocus, forceRescan=true , isNewApp=true
07-08 03:01:12.467 D/ShortcutService(  564): Package com.flint.peakfocus has 0 manifest shortcut(s), and 0 share target(s)
07-08 03:01:12.494 V/WindowManager(  564): Sent Transition (#60) createdAt=07-08 03:01:11.939 via request=TransitionRequestInfo { type = CLOSE, triggerTask = TaskInfo{userId=0 taskId=22 displayId=0 isRunning=false baseIntent=Intent { flg=0x10000000 cmp=com.flint.peakfocus/.MainActivity } baseActivity=null topActivity=null origActivity=null realActivity=ComponentInfo{com.flint.peakfocus/com.flint.peakfocus.MainActivity} numActivities=0 lastActiveTime=3948093 supportsMultiWindow=true resizeMode=1 isResizeable=true minWidth=-1 minHeight=-1 defaultMinSize=220 token=WCT{RemoteToken{320ef36 Task{175d4dd #22 type=standard A=10207:com.flint.peakfocus}}} topActivityType=1 pictureInPictureParams=null shouldDockBigOverlays=false launchIntoPipHostTaskId=-1 lastParentTaskIdBeforePip=-1 displayCutoutSafeInsets=null topActivityInfo=null launchCookies=[] positionInParent=Point(0, 0) parentTaskId=-1 isFocused=true isVisible=true isVisibleRequested=true isSleeping=false locusId=null displayAreaFeatureId=1 isTopActivityTransparent=false appCompatTaskInfo=AppCompatTaskInfo { topActivityInSizeCompat=false topActivityEligibleForLetterboxEducation= falseisLetterboxEducationEnabled= false isLetterboxDoubleTapEnabled= false topActivityEligibleForUserAspectRatioButton= false topActivityBoundsLetterboxed= false isFromLetterboxDoubleTap= false topActivityLetterboxVerticalPosition= -1 topActivityLetterboxHorizontalPosition= -1 topActivityLetterboxWidth=-1 topActivityLetterboxHeight=-1 isUserFullscreenOverrideEnabled=false isSystemFullscreenOverrideEnabled=false cameraCompatTaskInfo=CameraCompatTaskInfo { cameraCompatControlState=hidden freeformCameraCompatMode=inactive}}}, pipTask = null, remoteTransition = null, displayChange = null, flags = 0, debugId = 60 }
07-08 03:01:12.495 V/WindowManager(  564):         {WCT{RemoteToken{320ef36 Task{175d4dd #22 type=standard A=10207:com.flint.peakfocus}}} m=CLOSE f=NONE leash=Surface(name=Task=22)/@0x7def25e sb=Rect(0, 0 - 1080, 2400) eb=Rect(0, 0 - 1080, 2400) d=0 taskParent=-1}
07-08 03:01:12.520 D/ActivityThread( 2863): Package [com.flint.peakfocus] reported as REPLACED, but missing application info. Assuming REMOVED.
07-08 03:01:12.545 W/ogle.android.as( 1466): ApkAssets: Deleting an ApkAssets object '<empty> and /data/app/~~6WH3VoD-U3LMkDW6uoz1tA==/com.flint.peakfocus-89mBW37JtQDHecdxtgD_Cg==/base.apk' with 1 weak references
07-08 03:01:12.577 D/ActivityThread( 2677): Package [com.flint.peakfocus] reported as REPLACED, but missing application info. Assuming REMOVED.
07-08 03:01:12.584 W/ActivityTaskManager(  564): Unable to send transaction to client proc com.flint.peakfocus: no app thread
07-08 03:01:12.602 D/ActivityThread( 4382): Package [com.flint.peakfocus] reported as REPLACED, but missing application info. Assuming REMOVED.
07-08 03:01:12.661 W/.gms.persistent( 1272): ApkAssets: Deleting an ApkAssets object '<empty> and /data/app/~~wxtDEiXtEyH-DUG9gmiNyw==/com.flint.peakfocus-BvWRlyghvzlFNkEZ6r426Q==/base.apk' with 1 weak references
07-08 03:01:12.752 D/ActivityThread( 1545): Package [com.flint.peakfocus] reported as REPLACED, but missing application info. Assuming REMOVED.
07-08 03:01:12.757 D/ActivityThread( 2812): Package [com.flint.peakfocus] reported as REPLACED, but missing application info. Assuming REMOVED.
07-08 03:01:12.802 D/PersistedStoragePackageUninstalledReceiver(  946): Received android.intent.action.PACKAGE_DATA_CLEARED for com.flint.peakfocus for u0
07-08 03:01:12.812 V/SplashScreenExceptionList(  564): SplashScreen checking exception for package com.flint.peakfocus (target sdk:35) -> false
07-08 03:01:12.817 I/ActivityTaskManager(  564): START u0 {flg=0x10000000 cmp=com.flint.peakfocus/.MainActivity} with LAUNCH_MULTIPLE from uid 2000 (BAL_ALLOW_PERMISSION) result code=0
07-08 03:01:12.817 I/TopTaskTracker( 1189): onTaskMovedToFront: (moved taskInfo to front) taskId=23, baseIntent=Intent { flg=0x10000000 cmp=com.flint.peakfocus/.MainActivity }
07-08 03:01:12.843 I/flint.peakfocus( 8104): Late-enabling -Xcheck:jni
07-08 03:01:12.845 V/WindowManagerShell(  945): Transition requested (#61): android.os.BinderProxy@913b052 TransitionRequestInfo { type = OPEN, triggerTask = TaskInfo{userId=0 taskId=23 displayId=0 isRunning=true baseIntent=Intent { flg=0x10000000 cmp=com.flint.peakfocus/.MainActivity } baseActivity=ComponentInfo{com.flint.peakfocus/com.flint.peakfocus.MainActivity} topActivity=ComponentInfo{com.flint.peakfocus/com.flint.peakfocus.MainActivity} origActivity=null realActivity=ComponentInfo{com.flint.peakfocus/com.flint.peakfocus.MainActivity} numActivities=1 lastActiveTime=4126994 supportsMultiWindow=true resizeMode=1 isResizeable=true minWidth=-1 minHeight=-1 defaultMinSize=220 token=WCT{android.window.IWindowContainerToken$Stub$Proxy@e873f23} topActivityType=1 pictureInPictureParams=null shouldDockBigOverlays=false launchIntoPipHostTaskId=-1 lastParentTaskIdBeforePip=-1 displayCutoutSafeInsets=Rect(0, 136 - 0, 0) topActivityInfo=ActivityInfo{ce4bc20 com.flint.peakfocus.MainActivity} launchCookies=[] positionInParent=Point(0, 0) parentTaskId=-1 isFocused=false isVisible=false isVisibleRequested=false isSleeping=false locusId=null displayAreaFeatureId=1 isTopActivityTransparent=false appCompatTaskInfo=AppCompatTaskInfo { topActivityInSizeCompat=false topActivityEligibleForLetterboxEducation= falseisLetterboxEducationEnabled= true isLetterboxDoubleTapEnabled= false topActivityEligibleForUserAspectRatioButton= false topActivityBoundsLetterboxed= false isFromLetterboxDoubleTap= false topActivityLetterboxVerticalPosition= -1 topActivityLetterboxHorizontalPosition= -1 topActivityLetterboxWidth=1080 topActivityLetterboxHeight=2400 isUserFullscreenOverrideEnabled=false isSystemFullscreenOverrideEnabled=false cameraCompatTaskInfo=CameraCompatTaskInfo { cameraCompatControlState=hidden freeformCameraCompatMode=inactive}}}, pipTask = null, remoteTransition = null, displayChange = null, flags = 0, debugId = 61 }
07-08 03:01:12.864 I/ActivityManager(  564): Start proc 8104:com.flint.peakfocus/u0a207 for next-top-activity {com.flint.peakfocus/com.flint.peakfocus.MainActivity}
07-08 03:01:12.870 D/MediaProvider( 1468): Deleted 0 Android/media items belonging to com.flint.peakfocus on /data/user/0/com.google.android.providers.media.module/databases/external.db
07-08 03:01:12.871 D/MediaGrants( 1468): Removed 0 media_grants for 0 user for [com.flint.peakfocus, com.flint.peakfocus]. Reason: Package orphaned
07-08 03:01:12.873 I/flint.peakfocus( 8104): Using CollectorTypeCMC GC.
07-08 03:01:12.883 I/Icing   ( 1499): doRemovePackageData com.flint.peakfocus
07-08 03:01:12.904 W/system_server(  564): ApkAssets: Deleting an ApkAssets object '<empty> and /data/app/~~wxtDEiXtEyH-DUG9gmiNyw==/com.flint.peakfocus-BvWRlyghvzlFNkEZ6r426Q==/base.apk' with 1 weak references
07-08 03:01:12.964 V/WindowManager(  564): Sent Transition (#61) createdAt=07-08 03:01:12.809 via request=TransitionRequestInfo { type = OPEN, triggerTask = TaskInfo{userId=0 taskId=23 displayId=0 isRunning=true baseIntent=Intent { flg=0x10000000 cmp=com.flint.peakfocus/.MainActivity } baseActivity=ComponentInfo{com.flint.peakfocus/com.flint.peakfocus.MainActivity} topActivity=ComponentInfo{com.flint.peakfocus/com.flint.peakfocus.MainActivity} origActivity=null realActivity=ComponentInfo{com.flint.peakfocus/com.flint.peakfocus.MainActivity} numActivities=1 lastActiveTime=4126994 supportsMultiWindow=true resizeMode=1 isResizeable=true minWidth=-1 minHeight=-1 defaultMinSize=220 token=WCT{RemoteToken{3476458 Task{3a3f78c #23 type=standard A=10207:com.flint.peakfocus}}} topActivityType=1 pictureInPictureParams=null shouldDockBigOverlays=false launchIntoPipHostTaskId=-1 lastParentTaskIdBeforePip=-1 displayCutoutSafeInsets=Rect(0, 136 - 0, 0) topActivityInfo=ActivityInfo{a08b9b1 com.flint.peakfocus.MainActivity} launchCookies=[] positionInParent=Point(0, 0) parentTaskId=-1 isFocused=false isVisible=false isVisibleRequested=false isSleeping=false locusId=null displayAreaFeatureId=1 isTopActivityTransparent=false appCompatTaskInfo=AppCompatTaskInfo { topActivityInSizeCompat=false topActivityEligibleForLetterboxEducation= falseisLetterboxEducationEnabled= true isLetterboxDoubleTapEnabled= false topActivityEligibleForUserAspectRatioButton= false topActivityBoundsLetterboxed= false isFromLetterboxDoubleTap= false topActivityLetterboxVerticalPosition= -1 topActivityLetterboxHorizontalPosition= -1 topActivityLetterboxWidth=1080 topActivityLetterboxHeight=2400 isUserFullscreenOverrideEnabled=false isSystemFullscreenOverrideEnabled=false cameraCompatTaskInfo=CameraCompatTaskInfo { cameraCompatControlState=hidden freeformCameraCompatMode=inactive}}}, pipTask = null, remoteTransition = null, displayChange = null, flags = 0, debugId = 61 }
07-08 03:01:12.964 V/WindowManager(  564):         {WCT{RemoteToken{3476458 Task{3a3f78c #23 type=standard A=10207:com.flint.peakfocus}}} m=OPEN f=NONE leash=Surface(name=Task=23)/@0x99ad8ba sb=Rect(0, 0 - 1080, 2400) eb=Rect(0, 0 - 1080, 2400) d=0 taskParent=-1},
07-08 03:01:12.985 W/WindowManager(  564): Exception thrown during dispatchAppVisibility Window{8d70d3b u0 com.flint.peakfocus/com.flint.peakfocus.MainActivity EXITING}
07-08 03:01:12.993 W/SQLiteLog( 1499): (28) double-quoted string literal: "com.flint.peakfocus"
07-08 03:01:13.001 W/ziparchive( 8104): Unable to open '/data/app/~~6WH3VoD-U3LMkDW6uoz1tA==/com.flint.peakfocus-89mBW37JtQDHecdxtgD_Cg==/base.dm': No such file or directory
07-08 03:01:13.001 W/ziparchive( 8104): Unable to open '/data/app/~~6WH3VoD-U3LMkDW6uoz1tA==/com.flint.peakfocus-89mBW37JtQDHecdxtgD_Cg==/base.dm': No such file or directory
07-08 03:01:13.035 I/ProximityAuth( 1272): [RecentAppsMediator] Package added: (user=UserHandle{0}) com.flint.peakfocus
07-08 03:01:13.084 I/FontLog ( 1272): Package com.flint.peakfocus has no metadata [CONTEXT service_id=132 ]
07-08 03:01:13.252 W/.apps.wellbeing( 6602): ApkAssets: Deleting an ApkAssets object '<empty> and /data/app/~~6WH3VoD-U3LMkDW6uoz1tA==/com.flint.peakfocus-89mBW37JtQDHecdxtgD_Cg==/base.apk' with 1 weak references
07-08 03:01:13.312 D/nativeloader( 8104): Configuring clns-7 for other apk /data/app/~~6WH3VoD-U3LMkDW6uoz1tA==/com.flint.peakfocus-89mBW37JtQDHecdxtgD_Cg==/base.apk. target_sdk_version=35, uses_libraries=, library_path=/data/app/~~6WH3VoD-U3LMkDW6uoz1tA==/com.flint.peakfocus-89mBW37JtQDHecdxtgD_Cg==/lib/arm64:/data/app/~~6WH3VoD-U3LMkDW6uoz1tA==/com.flint.peakfocus-89mBW37JtQDHecdxtgD_Cg==/base.apk!/lib/arm64-v8a, permitted_path=/data:/mnt/expand:/data/user/0/com.flint.peakfocus
07-08 03:01:13.472 D/CoreBackPreview(  564): Window{dd4d7c1 u0 com.flint.peakfocus/com.flint.peakfocus.MainActivity}: Setting back callback OnBackInvokedCallbackInfo{mCallback=android.window.IOnBackInvokedCallback$Stub$Proxy@414aea7, mPriority=-1, mIsAnimationCallback=false}
07-08 03:01:13.615 W/flint.peakfocus( 8104): Method boolean androidx.compose.runtime.snapshots.SnapshotStateList.conditionalUpdate(boolean, kotlin.jvm.functions.Function1) failed lock verification and will run slower.
07-08 03:01:13.615 W/flint.peakfocus( 8104): Common causes for lock verification issues are non-optimized dex code
07-08 03:01:13.615 W/flint.peakfocus( 8104): and incorrect proguard optimizations.
07-08 03:01:13.615 W/flint.peakfocus( 8104): Method boolean androidx.compose.runtime.snapshots.SnapshotStateList.conditionalUpdate$default(androidx.compose.runtime.snapshots.SnapshotStateList, boolean, kotlin.jvm.functions.Function1, int, java.lang.Object) failed lock verification and will run slower.
07-08 03:01:13.615 W/flint.peakfocus( 8104): Method java.lang.Object androidx.compose.runtime.snapshots.SnapshotStateList.mutate(kotlin.jvm.functions.Function1) failed lock verification and will run slower.
07-08 03:01:13.615 W/flint.peakfocus( 8104): Method void androidx.compose.runtime.snapshots.SnapshotStateList.update(boolean, kotlin.jvm.functions.Function1) failed lock verification and will run slower.
07-08 03:01:13.615 W/flint.peakfocus( 8104): Method void androidx.compose.runtime.snapshots.SnapshotStateList.update$default(androidx.compose.runtime.snapshots.SnapshotStateList, boolean, kotlin.jvm.functions.Function1, int, java.lang.Object) failed lock verification and will run slower.
07-08 03:01:13.617 I/flint.peakfocus( 8104): Compiler allocated 5250KB to compile void android.view.ViewRootImpl.performTraversals()
07-08 03:01:13.638 I/ActivityManager(  564): Background started FGS: Allowed [callingPackage: com.flint.peakfocus; callingUid: 10207; uidState: TOP ; uidBFSL: [BFSL]; intent: Intent { cmp=com.flint.peakfocus/.blocking.usagestats.UsageStatsForegroundService }; code:PROC_STATE_TOP; tempAllowListReason:<null>; targetSdkVersion:35; callerTargetSdkVersion:35; startForegroundCount:0; bindFromPackage:null: isBindService:false]
07-08 03:01:13.877 W/ziparchive(  564): Unable to open '/data/app/~~6WH3VoD-U3LMkDW6uoz1tA==/com.flint.peakfocus-89mBW37JtQDHecdxtgD_Cg==/base.dm': No such file or directory
07-08 03:01:13.881 I/ActivityTaskManager(  564): Displayed com.flint.peakfocus/.MainActivity for user 0: +1s82ms
07-08 03:01:13.901 I/AppsFilter(  564): interaction: PackageSetting{494c125 com.flint.peakfocus/10207} -> PackageSetting{725b16e com.google.android.apps.nexuslauncher/10177} BLOCKED
07-08 03:01:13.941 I/ImeTracker(  564): com.flint.peakfocus:bf982345: onRequestHide at ORIGIN_SERVER reason HIDE_UNSPECIFIED_WINDOW fromUser false
07-08 03:01:13.941 I/ImeTracker(  564): com.flint.peakfocus:bf982345: onCancelled at PHASE_SERVER_SHOULD_HIDE
07-08 03:01:13.975 I/GoogleInputMethodService( 1396): GoogleInputMethodService.onStartInput():1986 onStartInput(EditorInfo{EditorInfo{packageName=com.flint.peakfocus, inputType=0, inputTypeString=NULL, enableLearning=false, autoCorrection=false, autoComplete=false, imeOptions=0, privateImeOptions=null, actionName=UNSPECIFIED, actionLabel=null, initialSelStart=-1, initialSelEnd=-1, initialCapsMode=0, label=null, fieldId=0, fieldName=null, extras=null, hintText=null, hintLocales=[]}}, false)
07-08 03:01:13.977 W/PackageConfigPersister(  564): App-specific configuration not found for packageName: com.flint.peakfocus and userId: 0
07-08 03:01:14.293 W/InputManager-JNI(  564): Input channel object 'b9113cb Splash Screen com.flint.peakfocus (client)' was disposed without first being removed with the input manager!
07-08 03:01:18.438 D/ProfileInstaller( 8104): Installing profile for com.flint.peakfocus
07-08 03:01:21.143 D/CoreBackPreview(  564): Window{dd4d7c1 u0 com.flint.peakfocus/com.flint.peakfocus.MainActivity}: Setting back callback OnBackInvokedCallbackInfo{mCallback=android.window.IOnBackInvokedCallback$Stub$Proxy@1ce1f6b, mPriority=0, mIsAnimationCallback=true}
07-08 03:01:25.166 W/flint.peakfocus( 8104): Cleared Reference was only reachable from finalizer (only reported once)
07-08 03:01:25.187 W/flint.peakfocus( 8104): ApkAssets: Deleting an ApkAssets object '<empty> and /product/app/Camera2/Camera2.apk' with 1 weak references
07-08 03:01:25.187 W/flint.peakfocus( 8104): ApkAssets: Deleting an ApkAssets object '<empty> and /data/app/~~kabdQfNNcrcpIY0FmwHTvw==/com.android.chrome-bmTD5zums7BgBSqSf7_sAA==/Chrome.apk' with 1 weak references
07-08 03:01:25.187 W/flint.peakfocus( 8104): ApkAssets: Deleting an ApkAssets object '<empty> and /data/app/~~DdtVmdRhdOuZuCKrgRlr7g==/com.google.android.trichromelibrary_636771932-xwHPiICLhIytgWED7vA2BQ==/TrichromeLibrary.apk' with 1 weak references
07-08 03:01:25.187 W/flint.peakfocus( 8104): ApkAssets: Deleting an ApkAssets object '<empty> and /system_ext/priv-app/SettingsGoogle/SettingsGoogle.apk' with 1 weak references
07-08 03:01:25.187 W/flint.peakfocus( 8104): ApkAssets: Deleting an ApkAssets object '/product/overlay/SettingsGoogle__sdk_gphone64_arm64__auto_generated_rro_product.apk' with 1 weak references
07-08 03:01:25.187 W/flint.peakfocus( 8104): ApkAssets: Deleting an ApkAssets object '<empty> and /product/app/Drive/Drive.apk' with 1 weak references
07-08 03:01:25.188 W/flint.peakfocus( 8104): ApkAssets: Deleting an ApkAssets object '<empty> and /product/app/Maps/Maps.apk' with 1 weak references
07-08 03:01:25.188 W/flint.peakfocus( 8104): ApkAssets: Deleting an ApkAssets object '<empty> and /product/priv-app/PrebuiltBugle/PrebuiltBugle.apk' with 1 weak references
07-08 03:01:25.188 W/flint.peakfocus( 8104): ApkAssets: Deleting an ApkAssets object '<empty> and /product/app/Photos/Photos.apk' with 1 weak references
07-08 03:01:25.189 W/flint.peakfocus( 8104): ApkAssets: Deleting an ApkAssets object '<empty> and /product/app/YouTubeMusicPrebuilt/YouTubeMusicPrebuilt.apk' with 1 weak references
07-08 03:01:25.189 W/flint.peakfocus( 8104): ApkAssets: Deleting an ApkAssets object '<empty> and /product/app/CalendarGooglePrebuilt/CalendarGooglePrebuilt.apk' with 1 weak references
07-08 03:01:25.189 W/flint.peakfocus( 8104): ApkAssets: Deleting an ApkAssets object '<empty> and /product/app/GoogleContacts/GoogleContacts.apk' with 1 weak references
07-08 03:01:25.189 W/flint.peakfocus( 8104): ApkAssets: Deleting an ApkAssets object '<empty> and /product/app/PrebuiltDeskClockGoogle/PrebuiltDeskClockGoogle.apk' with 1 weak references
07-08 03:01:25.192 W/flint.peakfocus( 8104): ApkAssets: Deleting an ApkAssets object '<empty> and /product/priv-app/GoogleDialer/GoogleDialer.apk' with 1 weak references
07-08 03:01:25.193 W/flint.peakfocus( 8104): ApkAssets: Deleting an ApkAssets object '<empty> and /product/app/PrebuiltGmail/PrebuiltGmail.apk' with 1 weak references
07-08 03:01:25.193 W/flint.peakfocus( 8104): ApkAssets: Deleting an ApkAssets object '<empty> and /product/app/YouTube/YouTube.apk' with 1 weak references
07-08 03:01:25.193 W/flint.peakfocus( 8104): ApkAssets: Deleting an ApkAssets object '<empty> and /system/app/Stk/Stk.apk' with 1 weak references
07-08 03:01:25.193 W/flint.peakfocus( 8104): ApkAssets: Deleting an ApkAssets object '<empty> and /product/priv-app/SafetyHubPrebuilt/SafetyHubPrebuilt.apk' with 1 weak references
07-08 03:01:25.193 W/flint.peakfocus( 8104): ApkAssets: Deleting an ApkAssets object '<empty> and /system/priv-app/DocumentsUIGoogle/DocumentsUIGoogle.apk' with 1 weak references
07-08 03:01:25.193 W/flint.peakfocus( 8104): ApkAssets: Deleting an ApkAssets object '<empty> and /product/priv-app/Velvet/Velvet.apk' with 1 weak references
07-08 03:01:29.470 W/gle.android.gms( 1499): ApkAssets: Deleting an ApkAssets object '<empty> and /data/app/~~6WH3VoD-U3LMkDW6uoz1tA==/com.flint.peakfocus-89mBW37JtQDHecdxtgD_Cg==/base.apk' with 1 weak references
07-08 03:01:45.946 I/ImeTracker( 8104): com.flint.peakfocus:2bd1e5da: onRequestShow at ORIGIN_CLIENT reason SHOW_SOFT_INPUT_BY_INSETS_API fromUser false
07-08 03:01:45.946 I/GoogleInputMethodService( 1396): GoogleInputMethodService.onStartInput():1986 onStartInput(EditorInfo{EditorInfo{packageName=com.flint.peakfocus, inputType=2, inputTypeString=Number, enableLearning=false, autoCorrection=false, autoComplete=false, imeOptions=2000006, privateImeOptions=null, actionName=DONE, actionLabel=null, initialSelStart=0, initialSelEnd=0, initialCapsMode=0, label=null, fieldId=-1, fieldName=null, extras=Bundle[mParcelledData.dataSize=404], hintText=null, hintLocales=[]}}, false)
07-08 03:01:45.947 W/PackageConfigPersister(  564): App-specific configuration not found for packageName: com.flint.peakfocus and userId: 0
07-08 03:01:45.948 I/GoogleInputMethodService( 1396): GoogleInputMethodService.onStartInput():1986 onStartInput(EditorInfo{EditorInfo{packageName=com.flint.peakfocus, inputType=2, inputTypeString=Number, enableLearning=false, autoCorrection=false, autoComplete=false, imeOptions=2000006, privateImeOptions=null, actionName=DONE, actionLabel=null, initialSelStart=0, initialSelEnd=0, initialCapsMode=0, label=null, fieldId=-1, fieldName=null, extras=Bundle[mParcelledData.dataSize=404], hintText=null, hintLocales=[]}}, true)
07-08 03:01:45.948 W/PackageConfigPersister(  564): App-specific configuration not found for packageName: com.flint.peakfocus and userId: 0
07-08 03:01:45.950 I/GoogleInputMethodService( 1396): GoogleInputMethodService.onStartInputView():2098 onStartInputView(EditorInfo{EditorInfo{packageName=com.flint.peakfocus, inputType=2, inputTypeString=Number, enableLearning=false, autoCorrection=false, autoComplete=false, imeOptions=2000006, privateImeOptions=null, actionName=DONE, actionLabel=null, initialSelStart=0, initialSelEnd=0, initialCapsMode=0, label=null, fieldId=-1, fieldName=null, extras=Bundle[{android.support.text.emoji.emojiCompat_metadataVersion=9, androidx.core.view.inputmethod.EditorInfoCompat.STYLUS_HANDWRITING_ENABLED=true, android.support.text.emoji.emojiCompat_replaceAll=false}], hintText=null, hintLocales=[]}}, false)
07-08 03:01:45.959 I/ImeTracker( 8104): com.flint.peakfocus:33bb3833: onRequestShow at ORIGIN_CLIENT reason SHOW_SOFT_INPUT fromUser false
07-08 03:01:46.049 D/CoreBackPreview(  564): Window{dd4d7c1 u0 com.flint.peakfocus/com.flint.peakfocus.MainActivity}: Setting back callback OnBackInvokedCallbackInfo{mCallback=android.window.IOnBackInvokedCallback$Stub$Proxy@beb340e, mPriority=0, mIsAnimationCallback=true}
07-08 03:01:46.149 I/ImeTracker( 8104): com.flint.peakfocus:33bb3833: onCancelled at PHASE_CLIENT_APPLY_ANIMATION
07-08 03:01:46.158 W/InteractionJankMonitor( 8104): Initializing without READ_DEVICE_CONFIG permission. enabled=true, interval=1, missedFrameThreshold=3, frameTimeThreshold=64, package=com.flint.peakfocus
07-08 03:01:46.488 I/ImeTracker( 8104): com.flint.peakfocus:2bd1e5da: onShown
07-08 03:01:50.218 D/CoreBackPreview(  564): Window{dd4d7c1 u0 com.flint.peakfocus/com.flint.peakfocus.MainActivity}: Setting back callback OnBackInvokedCallbackInfo{mCallback=android.window.IOnBackInvokedCallback$Stub$Proxy@454358, mPriority=0, mIsAnimationCallback=true}
07-08 03:01:50.553 I/ImeTracker( 8104): com.flint.peakfocus:f80780e9: onRequestHide at ORIGIN_CLIENT reason HIDE_SOFT_INPUT_ON_ANIMATION_STATE_CHANGED fromUser false
07-08 03:01:50.554 I/ImeTracker(  564): com.flint.peakfocus:f80780e9: onCancelled at PHASE_SERVER_SHOULD_HIDE
07-08 03:01:56.739 E/FrameTracker( 8104): force finish cuj, time out: J<IME_INSETS_SHOW_ANIMATION::0@1@com.flint.peakfocus>
07-08 03:01:58.965 I/ImeTracker( 8104): com.flint.peakfocus:d89b6187: onRequestHide at ORIGIN_CLIENT reason HIDE_SOFT_INPUT_BY_INSETS_API fromUser false
07-08 03:01:58.965 I/ImeTracker( 8104): com.flint.peakfocus:d89b6187: onCancelled at PHASE_CLIENT_APPLY_ANIMATION
07-08 03:01:58.969 I/GoogleInputMethodService( 1396): GoogleInputMethodService.onStartInput():1986 onStartInput(EditorInfo{EditorInfo{packageName=com.flint.peakfocus, inputType=0, inputTypeString=NULL, enableLearning=false, autoCorrection=false, autoComplete=false, imeOptions=0, privateImeOptions=null, actionName=UNSPECIFIED, actionLabel=null, initialSelStart=-1, initialSelEnd=-1, initialCapsMode=0, label=null, fieldId=0, fieldName=null, extras=null, hintText=null, hintLocales=[]}}, true)
07-08 03:01:58.971 W/PackageConfigPersister(  564): App-specific configuration not found for packageName: com.flint.peakfocus and userId: 0
07-08 03:02:00.804 E/FrameTracker( 8104): force finish cuj, time out: J<IME_INSETS_HIDE_ANIMATION::1@1@com.flint.peakfocus>
07-08 03:02:00.804 W/FrameTracker( 8104): Missed SF frame:UNKNOWN: 80, 1365653, 0, CUJ=J<IME_INSETS_HIDE_ANIMATION::1@1@com.flint.peakfocus>
07-08 03:02:00.804 W/FrameTracker( 8104): Missed SF frame:UNKNOWN: 80, 1365697, 0, CUJ=J<IME_INSETS_HIDE_ANIMATION::1@1@com.flint.peakfocus>
07-08 03:02:00.804 W/FrameTracker( 8104): Missed SF frame:UNKNOWN: 80, 1365727, 0, CUJ=J<IME_INSETS_HIDE_ANIMATION::1@1@com.flint.peakfocus>
07-08 03:02:00.804 W/FrameTracker( 8104): Missed SF frame:UNKNOWN: 80, 1365899, 0, CUJ=J<IME_INSETS_HIDE_ANIMATION::1@1@com.flint.peakfocus>
07-08 03:02:08.474 V/WindowManager(  564):         {WCT{RemoteToken{3476458 Task{3a3f78c #23 type=standard A=10207:com.flint.peakfocus}}} m=TO_BACK f=NONE leash=Surface(name=Task=23)/@0x99ad8ba sb=Rect(0, 0 - 1080, 2400) eb=Rect(0, 0 - 1080, 2400) d=0 taskParent=-1},
07-08 03:02:09.143 D/CoreBackPreview(  564): Window{dd4d7c1 u0 com.flint.peakfocus/com.flint.peakfocus.MainActivity}: Setting back callback OnBackInvokedCallbackInfo{mCallback=android.window.IOnBackInvokedCallback$Stub$Proxy@b2bff63, mPriority=-1, mIsAnimationCallback=false}
07-08 03:02:10.421 D/ActivityThread( 5787): Package [com.flint.peakfocus] reported as REPLACED, but missing application info. Assuming REMOVED.
07-08 03:02:10.595 W/s.nexuslauncher( 1189): ApkAssets: Deleting an ApkAssets object '<empty> and /data/app/~~6WH3VoD-U3LMkDW6uoz1tA==/com.flint.peakfocus-89mBW37JtQDHecdxtgD_Cg==/base.apk' with 1 weak references
07-08 03:02:21.293 I/ImeTracker(  564): com.flint.peakfocus:83b01cff: onRequestHide at ORIGIN_SERVER reason HIDE_UNSPECIFIED_WINDOW fromUser false
07-08 03:02:21.293 I/ImeTracker(  564): com.flint.peakfocus:83b01cff: onCancelled at PHASE_SERVER_SHOULD_HIDE
07-08 03:02:21.299 I/GoogleInputMethodService( 1396): GoogleInputMethodService.onStartInput():1986 onStartInput(EditorInfo{EditorInfo{packageName=com.flint.peakfocus, inputType=0, inputTypeString=NULL, enableLearning=false, autoCorrection=false, autoComplete=false, imeOptions=0, privateImeOptions=null, actionName=UNSPECIFIED, actionLabel=null, initialSelStart=-1, initialSelEnd=-1, initialCapsMode=0, label=null, fieldId=0, fieldName=null, extras=null, hintText=null, hintLocales=[]}}, false)
07-08 03:02:21.300 W/PackageConfigPersister(  564): App-specific configuration not found for packageName: com.flint.peakfocus and userId: 0
07-08 03:03:05.876 I/ActivityManager(  564): Force stopping com.flint.peakfocus appid=10207 user=-1: installPackageLI
07-08 03:03:05.876 I/PackageManager(  564): Update package com.flint.peakfocus code path from /data/app/~~6WH3VoD-U3LMkDW6uoz1tA==/com.flint.peakfocus-89mBW37JtQDHecdxtgD_Cg== to /data/app/~~xKEKIKbxI-gqtzrTjRGnoQ==/com.flint.peakfocus-Ns_vJfSkD0tfAGRUISadDA==; Retain data and using new
07-08 03:03:05.882 I/ActivityManager(  564): Killing 8104:com.flint.peakfocus/u0a207 (adj 50): stop com.flint.peakfocus due to installPackageLI
07-08 03:03:05.902 W/ActivityTaskManager(  564): Force removing ActivityRecord{c91d4bf u0 com.flint.peakfocus/.MainActivity t23 f}}: app died, no saved state
07-08 03:03:05.903 W/UsageStatsService(  564): Unexpected activity event reported! (com.flint.peakfocus/com.flint.peakfocus.MainActivity event : 23 instanceId : 75841237)
07-08 03:03:05.903 W/InputManager-JNI(  564): Input channel object 'dd4d7c1 com.flint.peakfocus/com.flint.peakfocus.MainActivity (client)' was disposed without first being removed with the input manager!
07-08 03:03:05.957 V/ActivityManager(  564): Got obituary of 8104:com.flint.peakfocus
07-08 03:03:05.957 I/WindowManager(  564): WIN DEATH: Window{1f2d0c8 u0 com.flint.peakfocus}
07-08 03:03:05.957 W/InputManager-JNI(  564): Input channel object '1f2d0c8 com.flint.peakfocus (client)' was disposed without first being removed with the input manager!
07-08 03:03:05.958 I/ImeTracker(  564): com.flint.peakfocus:27f0b4b7: onRequestHide at ORIGIN_SERVER reason HIDE_REMOVE_CLIENT fromUser false
07-08 03:03:05.958 I/ImeTracker(  564): com.flint.peakfocus:27f0b4b7: onCancelled at PHASE_SERVER_SHOULD_HIDE
07-08 03:03:05.962 E/AppOps  (  564): Operation not started: uid=10207 pkg=com.flint.peakfocus(null) op=SYSTEM_ALERT_WINDOW
07-08 03:03:06.021 I/ActivityManager(  564): Force stopping com.flint.peakfocus appid=10207 user=0: pkg removed
07-08 03:03:06.042 D/ActivityThread( 3712): Package [com.flint.peakfocus] reported as REPLACED, but missing application info. Assuming REMOVED.
07-08 03:03:06.042 D/ActivityThread( 1494): Package [com.flint.peakfocus] reported as REPLACED, but missing application info. Assuming REMOVED.
07-08 03:03:06.042 D/ActivityThread( 1466): Package [com.flint.peakfocus] reported as REPLACED, but missing application info. Assuming REMOVED.
07-08 03:03:06.043 D/ActivityThread( 1050): Package [com.flint.peakfocus] reported as REPLACED, but missing application info. Assuming REMOVED.
07-08 03:03:06.044 D/ActivityThread( 1532): Package [com.flint.peakfocus] reported as REPLACED, but missing application info. Assuming REMOVED.
07-08 03:03:06.044 D/ActivityThread( 1118): Package [com.flint.peakfocus] reported as REPLACED, but missing application info. Assuming REMOVED.
07-08 03:03:06.047 D/ActivityThread( 6340): Package [com.flint.peakfocus] reported as REPLACED, but missing application info. Assuming REMOVED.
07-08 03:03:06.047 D/ActivityThread(  946): Package [com.flint.peakfocus] reported as REPLACED, but missing application info. Assuming REMOVED.
07-08 03:03:06.048 D/ActivityThread( 1468): Package [com.flint.peakfocus] reported as REPLACED, but missing application info. Assuming REMOVED.
07-08 03:03:06.051 D/ActivityThread( 1189): Package [com.flint.peakfocus] reported as REPLACED, but missing application info. Assuming REMOVED.
07-08 03:03:06.053 D/ActivityThread( 3644): Package [com.flint.peakfocus] reported as REPLACED, but missing application info. Assuming REMOVED.
07-08 03:03:06.058 D/ActivityThread( 5787): Package [com.flint.peakfocus] reported as REPLACED, but missing application info. Assuming REMOVED.
07-08 03:03:06.059 D/ActivityThread( 4955): Package [com.flint.peakfocus] reported as REPLACED, but missing application info. Assuming REMOVED.
07-08 03:03:06.060 D/ActivityThread( 7979): Package [com.flint.peakfocus] reported as REPLACED, but missing application info. Assuming REMOVED.
07-08 03:03:06.061 I/SdkSandboxManager(  564): No SDKs used. Skipping SDK data reconcilation for CallingInfo{mUid=10207, mPackageName='com.flint.peakfocus, mAppProcessToken='null'}
07-08 03:03:06.061 I/SdkSandboxManager(  564): No SDKs used. Skipping SDK data reconcilation for CallingInfo{mUid=10207, mPackageName='com.flint.peakfocus, mAppProcessToken='null'}
07-08 03:03:06.066 D/ActivityThread(  945): Package [com.flint.peakfocus] reported as REPLACED, but missing application info. Assuming REMOVED.
07-08 03:03:06.103 D/ActivityThread( 1272): Package [com.flint.peakfocus] reported as REPLACED, but missing application info. Assuming REMOVED.
07-08 03:03:06.190 D/ActivityThread(  564): Package [com.flint.peakfocus] reported as REPLACED, but missing application info. Assuming REMOVED.
07-08 03:03:06.192 I/Telecom (  564): CarModeTracker: Package com.flint.peakfocus is not tracked.: SSH.oR@AZ8🔒
07-08 03:03:06.207 W/PackageConfigPersister(  564): App-specific configuration not found for packageName: com.flint.peakfocus and userId: 0
07-08 03:03:06.208 D/ShortcutService(  564): replacing package: com.flint.peakfocus userId0
07-08 03:03:06.209 D/ShortcutService(  564): handlePackageUpdateFinished: com.flint.peakfocus user=0
07-08 03:03:06.209 D/ShortcutService(  564): rescanPackageIfNeeded 0@com.flint.peakfocus, forceRescan=true , isNewApp=true
07-08 03:03:06.209 D/ShortcutService(  564): Package com.flint.peakfocus has 0 manifest shortcut(s), and 0 share target(s)
07-08 03:03:06.214 W/AlarmManager(  564): Package com.flint.peakfocus, uid 10207 lost permission to set exact alarms!
07-08 03:03:06.218 D/ActivityThread( 1396): Package [com.flint.peakfocus] reported as REPLACED, but missing application info. Assuming REMOVED.
07-08 03:03:06.218 I/ActivityManager(  564): Force stopping com.flint.peakfocus appid=10207 user=0: clear data
07-08 03:03:06.228 D/CarrierSvcBindHelper( 1129): onPackageUpdateFinished: com.flint.peakfocus
07-08 03:03:06.229 I/ActivityManager(  564): Force stopping com.flint.peakfocus appid=10207 user=-1: clearApplicationUserData
07-08 03:03:06.229 D/CarrierSvcBindHelper( 1129): onPackageModified: com.flint.peakfocus
07-08 03:03:06.248 D/PackageUpdatedTask( 1189): Package updated: mOp=UPDATE packages=[com.flint.peakfocus]
07-08 03:03:06.268 D/ActivityThread( 4406): Package [com.flint.peakfocus] reported as REPLACED, but missing application info. Assuming REMOVED.
07-08 03:03:06.271 D/ActivityThread( 1499): Package [com.flint.peakfocus] reported as REPLACED, but missing application info. Assuming REMOVED.
07-08 03:03:06.272 D/ShortcutService(  564): clearing data for package: com.flint.peakfocus userId0
07-08 03:03:06.272 D/ShortcutService(  564): handlePackageDataCleared: com.flint.peakfocus user=0
07-08 03:03:06.272 I/AiAiEcho( 1466): AppFetcherImpl onPackageChanged com.flint.peakfocus.
07-08 03:03:06.272 D/ShortcutService(  564): rescanPackageIfNeeded 0@com.flint.peakfocus, forceRescan=true , isNewApp=true
07-08 03:03:06.273 D/ShortcutService(  564): Package com.flint.peakfocus has 0 manifest shortcut(s), and 0 share target(s)
07-08 03:03:06.285 I/AiAiEcho( 1466): AppIndexer Package:[com.flint.peakfocus] UserProfile:[0] Enabled:[true].
07-08 03:03:06.285 I/AiAiEcho( 1466): AppFetcherImplV2 updateApps package:[com.flint.peakfocus], userId:[0], reason:[package is updated.].
07-08 03:03:06.285 D/ActivityThread( 2677): Package [com.flint.peakfocus] reported as REPLACED, but missing application info. Assuming REMOVED.
07-08 03:03:06.314 D/ActivityThread( 4382): Package [com.flint.peakfocus] reported as REPLACED, but missing application info. Assuming REMOVED.
07-08 03:03:06.319 D/ImsResolver( 1129): maybeAddedImsService, packageName: com.flint.peakfocus
07-08 03:03:06.319 I/AppWidgetServiceImpl(  564): Updating package stopped masked state for uid 10207 package com.flint.peakfocus isStopped false
07-08 03:03:06.329 D/ActivityThread( 1129): Package [com.flint.peakfocus] reported as REPLACED, but missing application info. Assuming REMOVED.
07-08 03:03:06.340 W/hbox:interactor( 1494): ApkAssets: Deleting an ApkAssets object '<empty> and /data/app/~~6WH3VoD-U3LMkDW6uoz1tA==/com.flint.peakfocus-89mBW37JtQDHecdxtgD_Cg==/base.apk' with 1 weak references
07-08 03:03:06.342 I/SafetyLabelChangedBroadcastReceiver(  946): received broadcast packageName: com.flint.peakfocus, current user: UserHandle{0}, packageChangeEvent: UPDATE, intent user: UserHandle{0}
07-08 03:03:06.397 W/ogle.android.as( 1466): ApkAssets: Deleting an ApkAssets object '<empty> and /data/app/~~xKEKIKbxI-gqtzrTjRGnoQ==/com.flint.peakfocus-Ns_vJfSkD0tfAGRUISadDA==/base.apk' with 1 weak references
07-08 03:03:06.413 D/ActivityThread( 2863): Package [com.flint.peakfocus] reported as REPLACED, but missing application info. Assuming REMOVED.
07-08 03:03:06.427 D/CarrierSvcBindHelper( 1129): onHandleForceStop: [com.flint.peakfocus]
07-08 03:03:06.467 D/MediaProvider( 1468): Deleted 0 Android/media items belonging to com.flint.peakfocus on /data/user/0/com.google.android.providers.media.module/databases/external.db
07-08 03:03:06.500 W/system_server(  564): ApkAssets: Deleting an ApkAssets object '<empty> and /data/app/~~6WH3VoD-U3LMkDW6uoz1tA==/com.flint.peakfocus-89mBW37JtQDHecdxtgD_Cg==/base.apk' with 1 weak references
07-08 03:03:06.521 D/MediaGrants( 1468): Removed 0 media_grants for 0 user for [com.flint.peakfocus, com.flint.peakfocus]. Reason: Package orphaned
07-08 03:03:06.524 I/Icing   ( 1499): doRemovePackageData com.flint.peakfocus
07-08 03:03:06.544 D/ActivityThread( 6602): Package [com.flint.peakfocus] reported as REPLACED, but missing application info. Assuming REMOVED.
07-08 03:03:06.549 W/.gms.persistent( 1272): ApkAssets: Deleting an ApkAssets object '<empty> and /data/app/~~6WH3VoD-U3LMkDW6uoz1tA==/com.flint.peakfocus-89mBW37JtQDHecdxtgD_Cg==/base.apk' with 1 weak references
07-08 03:03:06.559 D/ActivityThread( 2812): Package [com.flint.peakfocus] reported as REPLACED, but missing application info. Assuming REMOVED.
07-08 03:03:06.561 D/PersistedStoragePackageUninstalledReceiver(  946): Received android.intent.action.PACKAGE_DATA_CLEARED for com.flint.peakfocus for u0
07-08 03:03:06.562 D/ActivityThread( 1545): Package [com.flint.peakfocus] reported as REPLACED, but missing application info. Assuming REMOVED.
07-08 03:03:06.564 V/SplashScreenExceptionList(  564): SplashScreen checking exception for package com.flint.peakfocus (target sdk:35) -> false
07-08 03:03:06.565 V/WindowManagerShell(  945): Transition requested (#66): android.os.BinderProxy@70d5ff6 TransitionRequestInfo { type = OPEN, triggerTask = TaskInfo{userId=0 taskId=24 displayId=0 isRunning=true baseIntent=Intent { flg=0x10000000 cmp=com.flint.peakfocus/.MainActivity } baseActivity=ComponentInfo{com.flint.peakfocus/com.flint.peakfocus.MainActivity} topActivity=ComponentInfo{com.flint.peakfocus/com.flint.peakfocus.MainActivity} origActivity=null realActivity=ComponentInfo{com.flint.peakfocus/com.flint.peakfocus.MainActivity} numActivities=1 lastActiveTime=4240743 supportsMultiWindow=true resizeMode=1 isResizeable=true minWidth=-1 minHeight=-1 defaultMinSize=220 token=WCT{android.window.IWindowContainerToken$Stub$Proxy@232fff7} topActivityType=1 pictureInPictureParams=null shouldDockBigOverlays=false launchIntoPipHostTaskId=-1 lastParentTaskIdBeforePip=-1 displayCutoutSafeInsets=Rect(0, 136 - 0, 0) topActivityInfo=ActivityInfo{9be6e64 com.flint.peakfocus.MainActivity} launchCookies=[] positionInParent=Point(0, 0) parentTaskId=-1 isFocused=false isVisible=false isVisibleRequested=false isSleeping=false locusId=null displayAreaFeatureId=1 isTopActivityTransparent=false appCompatTaskInfo=AppCompatTaskInfo { topActivityInSizeCompat=false topActivityEligibleForLetterboxEducation= falseisLetterboxEducationEnabled= true isLetterboxDoubleTapEnabled= false topActivityEligibleForUserAspectRatioButton= false topActivityBoundsLetterboxed= false isFromLetterboxDoubleTap= false topActivityLetterboxVerticalPosition= -1 topActivityLetterboxHorizontalPosition= -1 topActivityLetterboxWidth=1080 topActivityLetterboxHeight=2400 isUserFullscreenOverrideEnabled=false isSystemFullscreenOverrideEnabled=false cameraCompatTaskInfo=CameraCompatTaskInfo { cameraCompatControlState=hidden freeformCameraCompatMode=inactive}}}, pipTask = null, remoteTransition = null, displayChange = null, flags = 0, debugId = 66 }
07-08 03:03:06.566 I/ActivityTaskManager(  564): START u0 {flg=0x10000000 cmp=com.flint.peakfocus/.MainActivity} with LAUNCH_MULTIPLE from uid 2000 (BAL_ALLOW_PERMISSION) result code=0
07-08 03:03:06.566 I/ProximityAuth( 1272): [RecentAppsMediator] Package added: (user=UserHandle{0}) com.flint.peakfocus
07-08 03:03:06.567 I/TopTaskTracker( 1189): onTaskMovedToFront: (moved taskInfo to front) taskId=24, baseIntent=Intent { flg=0x10000000 cmp=com.flint.peakfocus/.MainActivity }
07-08 03:03:06.580 I/FontLog ( 1272): Package com.flint.peakfocus has no metadata [CONTEXT service_id=132 ]
07-08 03:03:06.608 I/ActivityManager(  564): Start proc 8771:com.flint.peakfocus/u0a207 for next-top-activity {com.flint.peakfocus/com.flint.peakfocus.MainActivity}
07-08 03:03:06.613 W/ndroid.systemui(  945): ApkAssets: Deleting an ApkAssets object '<empty> and /data/app/~~wxtDEiXtEyH-DUG9gmiNyw==/com.flint.peakfocus-BvWRlyghvzlFNkEZ6r426Q==/base.apk' with 1 weak references
07-08 03:03:06.616 I/flint.peakfocus( 8771): Late-enabling -Xcheck:jni
07-08 03:03:06.643 W/ndroid.systemui(  945): ApkAssets: Deleting an ApkAssets object '<empty> and /data/app/~~6WH3VoD-U3LMkDW6uoz1tA==/com.flint.peakfocus-89mBW37JtQDHecdxtgD_Cg==/base.apk' with 1 weak references
07-08 03:03:06.654 I/flint.peakfocus( 8771): Using CollectorTypeCMC GC.
07-08 03:03:06.680 W/SQLiteLog( 1499): (28) double-quoted string literal: "com.flint.peakfocus"
07-08 03:03:06.731 V/WindowManager(  564): Sent Transition (#66) createdAt=07-08 03:03:06.563 via request=TransitionRequestInfo { type = OPEN, triggerTask = TaskInfo{userId=0 taskId=24 displayId=0 isRunning=true baseIntent=Intent { flg=0x10000000 cmp=com.flint.peakfocus/.MainActivity } baseActivity=ComponentInfo{com.flint.peakfocus/com.flint.peakfocus.MainActivity} topActivity=ComponentInfo{com.flint.peakfocus/com.flint.peakfocus.MainActivity} origActivity=null realActivity=ComponentInfo{com.flint.peakfocus/com.flint.peakfocus.MainActivity} numActivities=1 lastActiveTime=4240743 supportsMultiWindow=true resizeMode=1 isResizeable=true minWidth=-1 minHeight=-1 defaultMinSize=220 token=WCT{RemoteToken{e235cc4 Task{1f4a8e #24 type=standard A=10207:com.flint.peakfocus}}} topActivityType=1 pictureInPictureParams=null shouldDockBigOverlays=false launchIntoPipHostTaskId=-1 lastParentTaskIdBeforePip=-1 displayCutoutSafeInsets=Rect(0, 136 - 0, 0) topActivityInfo=ActivityInfo{eea67ad com.flint.peakfocus.MainActivity} launchCookies=[] positionInParent=Point(0, 0) parentTaskId=-1 isFocused=false isVisible=false isVisibleRequested=false isSleeping=false locusId=null displayAreaFeatureId=1 isTopActivityTransparent=false appCompatTaskInfo=AppCompatTaskInfo { topActivityInSizeCompat=false topActivityEligibleForLetterboxEducation= falseisLetterboxEducationEnabled= true isLetterboxDoubleTapEnabled= false topActivityEligibleForUserAspectRatioButton= false topActivityBoundsLetterboxed= false isFromLetterboxDoubleTap= false topActivityLetterboxVerticalPosition= -1 topActivityLetterboxHorizontalPosition= -1 topActivityLetterboxWidth=1080 topActivityLetterboxHeight=2400 isUserFullscreenOverrideEnabled=false isSystemFullscreenOverrideEnabled=false cameraCompatTaskInfo=CameraCompatTaskInfo { cameraCompatControlState=hidden freeformCameraCompatMode=inactive}}}, pipTask = null, remoteTransition = null, displayChange = null, flags = 0, debugId = 66 }
07-08 03:03:06.731 V/WindowManager(  564):         {WCT{RemoteToken{e235cc4 Task{1f4a8e #24 type=standard A=10207:com.flint.peakfocus}}} m=OPEN f=NONE leash=Surface(name=Task=24)/@0x9f65e3e sb=Rect(0, 0 - 1080, 2400) eb=Rect(0, 0 - 1080, 2400) d=0 taskParent=-1},
07-08 03:03:06.779 W/ziparchive( 8771): Unable to open '/data/app/~~xKEKIKbxI-gqtzrTjRGnoQ==/com.flint.peakfocus-Ns_vJfSkD0tfAGRUISadDA==/base.dm': No such file or directory
07-08 03:03:06.779 W/ziparchive( 8771): Unable to open '/data/app/~~xKEKIKbxI-gqtzrTjRGnoQ==/com.flint.peakfocus-Ns_vJfSkD0tfAGRUISadDA==/base.dm': No such file or directory
07-08 03:03:07.050 W/.apps.wellbeing( 6602): ApkAssets: Deleting an ApkAssets object '<empty> and /data/app/~~xKEKIKbxI-gqtzrTjRGnoQ==/com.flint.peakfocus-Ns_vJfSkD0tfAGRUISadDA==/base.apk' with 1 weak references
07-08 03:03:07.068 D/nativeloader( 8771): Configuring clns-7 for other apk /data/app/~~xKEKIKbxI-gqtzrTjRGnoQ==/com.flint.peakfocus-Ns_vJfSkD0tfAGRUISadDA==/base.apk. target_sdk_version=35, uses_libraries=, library_path=/data/app/~~xKEKIKbxI-gqtzrTjRGnoQ==/com.flint.peakfocus-Ns_vJfSkD0tfAGRUISadDA==/lib/arm64:/data/app/~~xKEKIKbxI-gqtzrTjRGnoQ==/com.flint.peakfocus-Ns_vJfSkD0tfAGRUISadDA==/base.apk!/lib/arm64-v8a, permitted_path=/data:/mnt/expand:/data/user/0/com.flint.peakfocus
07-08 03:03:07.241 D/CoreBackPreview(  564): Window{b9467c6 u0 com.flint.peakfocus/com.flint.peakfocus.MainActivity}: Setting back callback OnBackInvokedCallbackInfo{mCallback=android.window.IOnBackInvokedCallback$Stub$Proxy@173c2b4, mPriority=-1, mIsAnimationCallback=false}
07-08 03:03:07.387 I/flint.peakfocus( 8771): Compiler allocated 5250KB to compile void android.view.ViewRootImpl.performTraversals()
07-08 03:03:07.396 W/flint.peakfocus( 8771): Method boolean androidx.compose.runtime.snapshots.SnapshotStateList.conditionalUpdate(boolean, kotlin.jvm.functions.Function1) failed lock verification and will run slower.
07-08 03:03:07.396 W/flint.peakfocus( 8771): Common causes for lock verification issues are non-optimized dex code
07-08 03:03:07.396 W/flint.peakfocus( 8771): and incorrect proguard optimizations.
07-08 03:03:07.396 W/flint.peakfocus( 8771): Method boolean androidx.compose.runtime.snapshots.SnapshotStateList.conditionalUpdate$default(androidx.compose.runtime.snapshots.SnapshotStateList, boolean, kotlin.jvm.functions.Function1, int, java.lang.Object) failed lock verification and will run slower.
07-08 03:03:07.396 W/flint.peakfocus( 8771): Method java.lang.Object androidx.compose.runtime.snapshots.SnapshotStateList.mutate(kotlin.jvm.functions.Function1) failed lock verification and will run slower.
07-08 03:03:07.397 W/flint.peakfocus( 8771): Method void androidx.compose.runtime.snapshots.SnapshotStateList.update(boolean, kotlin.jvm.functions.Function1) failed lock verification and will run slower.
07-08 03:03:07.397 W/flint.peakfocus( 8771): Method void androidx.compose.runtime.snapshots.SnapshotStateList.update$default(androidx.compose.runtime.snapshots.SnapshotStateList, boolean, kotlin.jvm.functions.Function1, int, java.lang.Object) failed lock verification and will run slower.
07-08 03:03:07.432 I/ActivityManager(  564): Background started FGS: Allowed [callingPackage: com.flint.peakfocus; callingUid: 10207; uidState: TOP ; uidBFSL: [BFSL]; intent: Intent { cmp=com.flint.peakfocus/.blocking.usagestats.UsageStatsForegroundService }; code:PROC_STATE_TOP; tempAllowListReason:<null>; targetSdkVersion:35; callerTargetSdkVersion:35; startForegroundCount:0; bindFromPackage:null: isBindService:false]
07-08 03:03:07.748 W/ziparchive(  564): Unable to open '/data/app/~~xKEKIKbxI-gqtzrTjRGnoQ==/com.flint.peakfocus-Ns_vJfSkD0tfAGRUISadDA==/base.dm': No such file or directory
07-08 03:03:07.750 I/ActivityTaskManager(  564): Displayed com.flint.peakfocus/.MainActivity for user 0: +1s197ms
07-08 03:03:07.825 I/AppsFilter(  564): interaction: PackageSetting{9a34126 com.flint.peakfocus/10207} -> PackageSetting{725b16e com.google.android.apps.nexuslauncher/10177} BLOCKED
07-08 03:03:07.874 I/ImeTracker(  564): com.flint.peakfocus:bdd5d854: onRequestHide at ORIGIN_SERVER reason HIDE_UNSPECIFIED_WINDOW fromUser false
07-08 03:03:07.874 I/ImeTracker(  564): com.flint.peakfocus:bdd5d854: onCancelled at PHASE_SERVER_SHOULD_HIDE
07-08 03:03:07.906 I/GoogleInputMethodService( 1396): GoogleInputMethodService.onStartInput():1986 onStartInput(EditorInfo{EditorInfo{packageName=com.flint.peakfocus, inputType=0, inputTypeString=NULL, enableLearning=false, autoCorrection=false, autoComplete=false, imeOptions=0, privateImeOptions=null, actionName=UNSPECIFIED, actionLabel=null, initialSelStart=-1, initialSelEnd=-1, initialCapsMode=0, label=null, fieldId=0, fieldName=null, extras=null, hintText=null, hintLocales=[]}}, false)
07-08 03:03:07.908 W/PackageConfigPersister(  564): App-specific configuration not found for packageName: com.flint.peakfocus and userId: 0
