07-08 03:03:08.193 W/InputManager-JNI(  564): Input channel object '1c9819a Splash Screen com.flint.peakfocus (client)' was disposed without first being removed with the input manager!
07-08 03:03:12.269 D/ProfileInstaller( 8771): Installing profile for com.flint.peakfocus
07-08 03:03:14.890 D/CoreBackPreview(  564): Window{b9467c6 u0 com.flint.peakfocus/com.flint.peakfocus.MainActivity}: Setting back callback OnBackInvokedCallbackInfo{mCallback=android.window.IOnBackInvokedCallback$Stub$Proxy@fa3f79, mPriority=0, mIsAnimationCallback=true}
07-08 03:03:18.264 W/flint.peakfocus( 8771): Cleared Reference was only reachable from finalizer (only reported once)
07-08 03:03:18.278 W/flint.peakfocus( 8771): ApkAssets: Deleting an ApkAssets object '<empty> and /product/app/Camera2/Camera2.apk' with 1 weak references
07-08 03:03:18.278 W/flint.peakfocus( 8771): ApkAssets: Deleting an ApkAssets object '<empty> and /data/app/~~kabdQfNNcrcpIY0FmwHTvw==/com.android.chrome-bmTD5zums7BgBSqSf7_sAA==/Chrome.apk' with 1 weak references
07-08 03:03:18.278 W/flint.peakfocus( 8771): ApkAssets: Deleting an ApkAssets object '<empty> and /data/app/~~DdtVmdRhdOuZuCKrgRlr7g==/com.google.android.trichromelibrary_636771932-xwHPiICLhIytgWED7vA2BQ==/TrichromeLibrary.apk' with 1 weak references
07-08 03:03:18.279 W/flint.peakfocus( 8771): ApkAssets: Deleting an ApkAssets object '<empty> and /system_ext/priv-app/SettingsGoogle/SettingsGoogle.apk' with 1 weak references
07-08 03:03:18.279 W/flint.peakfocus( 8771): ApkAssets: Deleting an ApkAssets object '/product/overlay/SettingsGoogle__sdk_gphone64_arm64__auto_generated_rro_product.apk' with 1 weak references
07-08 03:03:18.279 W/flint.peakfocus( 8771): ApkAssets: Deleting an ApkAssets object '<empty> and /product/app/Drive/Drive.apk' with 1 weak references
07-08 03:03:18.280 W/flint.peakfocus( 8771): ApkAssets: Deleting an ApkAssets object '<empty> and /product/app/Maps/Maps.apk' with 1 weak references
07-08 03:03:18.281 W/flint.peakfocus( 8771): ApkAssets: Deleting an ApkAssets object '<empty> and /product/priv-app/PrebuiltBugle/PrebuiltBugle.apk' with 1 weak references
07-08 03:03:18.281 W/flint.peakfocus( 8771): ApkAssets: Deleting an ApkAssets object '<empty> and /product/app/Photos/Photos.apk' with 1 weak references
07-08 03:03:18.282 W/flint.peakfocus( 8771): ApkAssets: Deleting an ApkAssets object '<empty> and /product/app/YouTubeMusicPrebuilt/YouTubeMusicPrebuilt.apk' with 1 weak references
07-08 03:03:18.283 W/flint.peakfocus( 8771): ApkAssets: Deleting an ApkAssets object '<empty> and /product/app/CalendarGooglePrebuilt/CalendarGooglePrebuilt.apk' with 1 weak references
07-08 03:03:18.283 W/flint.peakfocus( 8771): ApkAssets: Deleting an ApkAssets object '<empty> and /product/app/GoogleContacts/GoogleContacts.apk' with 1 weak references
07-08 03:03:18.284 W/flint.peakfocus( 8771): ApkAssets: Deleting an ApkAssets object '<empty> and /product/app/PrebuiltDeskClockGoogle/PrebuiltDeskClockGoogle.apk' with 1 weak references
07-08 03:03:18.284 W/flint.peakfocus( 8771): ApkAssets: Deleting an ApkAssets object '<empty> and /product/priv-app/GoogleDialer/GoogleDialer.apk' with 1 weak references
07-08 03:03:18.284 W/flint.peakfocus( 8771): ApkAssets: Deleting an ApkAssets object '<empty> and /product/app/PrebuiltGmail/PrebuiltGmail.apk' with 1 weak references
07-08 03:03:18.284 W/flint.peakfocus( 8771): ApkAssets: Deleting an ApkAssets object '<empty> and /product/app/YouTube/YouTube.apk' with 1 weak references
07-08 03:03:18.284 W/flint.peakfocus( 8771): ApkAssets: Deleting an ApkAssets object '<empty> and /system/app/Stk/Stk.apk' with 1 weak references
07-08 03:03:18.284 W/flint.peakfocus( 8771): ApkAssets: Deleting an ApkAssets object '<empty> and /product/priv-app/SafetyHubPrebuilt/SafetyHubPrebuilt.apk' with 1 weak references
07-08 03:03:18.285 W/flint.peakfocus( 8771): ApkAssets: Deleting an ApkAssets object '<empty> and /system/priv-app/DocumentsUIGoogle/DocumentsUIGoogle.apk' with 1 weak references
07-08 03:03:18.285 W/flint.peakfocus( 8771): ApkAssets: Deleting an ApkAssets object '<empty> and /product/priv-app/Velvet/Velvet.apk' with 1 weak references
07-08 03:03:21.929 W/gle.android.gms( 1499): ApkAssets: Deleting an ApkAssets object '<empty> and /data/app/~~xKEKIKbxI-gqtzrTjRGnoQ==/com.flint.peakfocus-Ns_vJfSkD0tfAGRUISadDA==/base.apk' with 1 weak references
07-08 03:03:39.824 I/ImeTracker( 8771): com.flint.peakfocus:fed8d36f: onRequestShow at ORIGIN_CLIENT reason SHOW_SOFT_INPUT_BY_INSETS_API fromUser false
07-08 03:03:39.829 I/GoogleInputMethodService( 1396): GoogleInputMethodService.onStartInput():1986 onStartInput(EditorInfo{EditorInfo{packageName=com.flint.peakfocus, inputType=2, inputTypeString=Number, enableLearning=false, autoCorrection=false, autoComplete=false, imeOptions=2000006, privateImeOptions=null, actionName=DONE, actionLabel=null, initialSelStart=0, initialSelEnd=0, initialCapsMode=0, label=null, fieldId=-1, fieldName=null, extras=Bundle[mParcelledData.dataSize=404], hintText=null, hintLocales=[]}}, false)
07-08 03:03:39.833 W/PackageConfigPersister(  564): App-specific configuration not found for packageName: com.flint.peakfocus and userId: 0
07-08 03:03:39.833 I/GoogleInputMethodService( 1396): GoogleInputMethodService.onStartInput():1986 onStartInput(EditorInfo{EditorInfo{packageName=com.flint.peakfocus, inputType=2, inputTypeString=Number, enableLearning=false, autoCorrection=false, autoComplete=false, imeOptions=2000006, privateImeOptions=null, actionName=DONE, actionLabel=null, initialSelStart=0, initialSelEnd=0, initialCapsMode=0, label=null, fieldId=-1, fieldName=null, extras=Bundle[mParcelledData.dataSize=404], hintText=null, hintLocales=[]}}, true)
07-08 03:03:39.836 W/PackageConfigPersister(  564): App-specific configuration not found for packageName: com.flint.peakfocus and userId: 0
07-08 03:03:39.844 I/GoogleInputMethodService( 1396): GoogleInputMethodService.onStartInputView():2098 onStartInputView(EditorInfo{EditorInfo{packageName=com.flint.peakfocus, inputType=2, inputTypeString=Number, enableLearning=false, autoCorrection=false, autoComplete=false, imeOptions=2000006, privateImeOptions=null, actionName=DONE, actionLabel=null, initialSelStart=0, initialSelEnd=0, initialCapsMode=0, label=null, fieldId=-1, fieldName=null, extras=Bundle[{android.support.text.emoji.emojiCompat_metadataVersion=9, androidx.core.view.inputmethod.EditorInfoCompat.STYLUS_HANDWRITING_ENABLED=true, android.support.text.emoji.emojiCompat_replaceAll=false}], hintText=null, hintLocales=[]}}, false)
07-08 03:03:39.855 I/ImeTracker( 8771): com.flint.peakfocus:76e0ffca: onRequestShow at ORIGIN_CLIENT reason SHOW_SOFT_INPUT fromUser false
07-08 03:03:39.978 D/CoreBackPreview(  564): Window{b9467c6 u0 com.flint.peakfocus/com.flint.peakfocus.MainActivity}: Setting back callback OnBackInvokedCallbackInfo{mCallback=android.window.IOnBackInvokedCallback$Stub$Proxy@bd87dc6, mPriority=0, mIsAnimationCallback=true}
07-08 03:03:40.012 D/ImeInsetsSourceProvider(  564): showImePostLayout cancelled, isScheduledAndReadyToShowIme: false, mImeRequester: Window{b9467c6 u0 com.flint.peakfocus/com.flint.peakfocus.MainActivity}, serverVisible: true, frozen: false, mWindowContainer is: non-null, windowState: Window{c032ddf u0 InputMethod}, isDrawn: false, mGivenInsetsPending: false, dcTarget: Window{b9467c6 u0 com.flint.peakfocus/com.flint.peakfocus.MainActivity}, controlTarget: Window{b9467c6 u0 com.flint.peakfocus/com.flint.peakfocus.MainActivity}
07-08 03:03:40.012 I/ImeTracker(  564): com.flint.peakfocus:fed8d36f: onCancelled at PHASE_WM_SHOW_IME_RUNNER
07-08 03:03:40.038 W/InteractionJankMonitor( 8771): Initializing without READ_DEVICE_CONFIG permission. enabled=true, interval=1, missedFrameThreshold=3, frameTimeThreshold=64, package=com.flint.peakfocus
07-08 03:03:40.359 I/ImeTracker( 8771): com.flint.peakfocus:76e0ffca: onShown
07-08 03:03:44.207 D/CoreBackPreview(  564): Window{b9467c6 u0 com.flint.peakfocus/com.flint.peakfocus.MainActivity}: Setting back callback OnBackInvokedCallbackInfo{mCallback=android.window.IOnBackInvokedCallback$Stub$Proxy@76d2305, mPriority=0, mIsAnimationCallback=true}
07-08 03:03:44.507 I/ImeTracker( 8771): com.flint.peakfocus:a524dfb6: onRequestHide at ORIGIN_CLIENT reason HIDE_SOFT_INPUT_ON_ANIMATION_STATE_CHANGED fromUser false
07-08 03:03:44.512 I/ImeTracker(  564): com.flint.peakfocus:a524dfb6: onCancelled at PHASE_SERVER_SHOULD_HIDE
07-08 03:03:50.605 E/FrameTracker( 8771): force finish cuj, time out: J<IME_INSETS_SHOW_ANIMATION::0@1@com.flint.peakfocus>
07-08 03:03:53.005 I/ImeTracker( 8771): com.flint.peakfocus:94bb4b78: onRequestHide at ORIGIN_CLIENT reason HIDE_SOFT_INPUT_BY_INSETS_API fromUser false
07-08 03:03:53.005 I/ImeTracker( 8771): com.flint.peakfocus:94bb4b78: onCancelled at PHASE_CLIENT_APPLY_ANIMATION
07-08 03:03:53.012 I/GoogleInputMethodService( 1396): GoogleInputMethodService.onStartInput():1986 onStartInput(EditorInfo{EditorInfo{packageName=com.flint.peakfocus, inputType=0, inputTypeString=NULL, enableLearning=false, autoCorrection=false, autoComplete=false, imeOptions=0, privateImeOptions=null, actionName=UNSPECIFIED, actionLabel=null, initialSelStart=-1, initialSelEnd=-1, initialCapsMode=0, label=null, fieldId=0, fieldName=null, extras=null, hintText=null, hintLocales=[]}}, true)
07-08 03:03:53.016 W/PackageConfigPersister(  564): App-specific configuration not found for packageName: com.flint.peakfocus and userId: 0
07-08 03:03:54.759 E/FrameTracker( 8771): force finish cuj, time out: J<IME_INSETS_HIDE_ANIMATION::1@1@com.flint.peakfocus>
07-08 03:04:02.481 V/WindowManager(  564):         {WCT{RemoteToken{e235cc4 Task{1f4a8e #24 type=standard A=10207:com.flint.peakfocus}}} m=TO_BACK f=NONE leash=Surface(name=Task=24)/@0x9f65e3e sb=Rect(0, 0 - 1080, 2400) eb=Rect(0, 0 - 1080, 2400) d=0 taskParent=-1},
07-08 03:04:03.148 D/CoreBackPreview(  564): Window{b9467c6 u0 com.flint.peakfocus/com.flint.peakfocus.MainActivity}: Setting back callback OnBackInvokedCallbackInfo{mCallback=android.window.IOnBackInvokedCallback$Stub$Proxy@9cefbb1, mPriority=-1, mIsAnimationCallback=false}
07-08 03:04:15.349 I/ImeTracker(  564): com.flint.peakfocus:4cd636b: onRequestHide at ORIGIN_SERVER reason HIDE_UNSPECIFIED_WINDOW fromUser false
07-08 03:04:15.350 I/ImeTracker(  564): com.flint.peakfocus:4cd636b: onCancelled at PHASE_SERVER_SHOULD_HIDE
07-08 03:04:15.352 I/GoogleInputMethodService( 1396): GoogleInputMethodService.onStartInput():1986 onStartInput(EditorInfo{EditorInfo{packageName=com.flint.peakfocus, inputType=0, inputTypeString=NULL, enableLearning=false, autoCorrection=false, autoComplete=false, imeOptions=0, privateImeOptions=null, actionName=UNSPECIFIED, actionLabel=null, initialSelStart=-1, initialSelEnd=-1, initialCapsMode=0, label=null, fieldId=0, fieldName=null, extras=null, hintText=null, hintLocales=[]}}, false)
07-08 03:04:15.357 W/PackageConfigPersister(  564): App-specific configuration not found for packageName: com.flint.peakfocus and userId: 0
07-08 03:04:20.930 W/s.nexuslauncher( 1189): ApkAssets: Deleting an ApkAssets object '<empty> and /data/app/~~xKEKIKbxI-gqtzrTjRGnoQ==/com.flint.peakfocus-Ns_vJfSkD0tfAGRUISadDA==/base.apk' with 1 weak references
07-08 03:04:21.232 W/InputManager-JNI(  564): Input channel object 'f695f66 com.flint.peakfocus (client)' was disposed without first being removed with the input manager!
07-08 03:04:25.218 I/ImeTracker(  564): com.flint.peakfocus:c568d39f: onRequestHide at ORIGIN_SERVER reason HIDE_UNSPECIFIED_WINDOW fromUser false
07-08 03:04:25.218 I/ImeTracker(  564): com.flint.peakfocus:c568d39f: onCancelled at PHASE_SERVER_SHOULD_HIDE
07-08 03:04:25.225 I/GoogleInputMethodService( 1396): GoogleInputMethodService.onStartInput():1986 onStartInput(EditorInfo{EditorInfo{packageName=com.flint.peakfocus, inputType=0, inputTypeString=NULL, enableLearning=false, autoCorrection=false, autoComplete=false, imeOptions=0, privateImeOptions=null, actionName=UNSPECIFIED, actionLabel=null, initialSelStart=-1, initialSelEnd=-1, initialCapsMode=0, label=null, fieldId=0, fieldName=null, extras=null, hintText=null, hintLocales=[]}}, false)
07-08 03:04:25.225 W/PackageConfigPersister(  564): App-specific configuration not found for packageName: com.flint.peakfocus and userId: 0
07-08 03:04:30.416 W/InputManager-JNI(  564): Input channel object '69bc236 com.flint.peakfocus (client)' was disposed without first being removed with the input manager!
